*****start*****
OK
   Loading Kernel Image ... OK
OK

Starting kernel ...

Uncompressing Linux... done, booting the kernel.
Linux version 3.0.35 (retronix@retronix-VirtualBox) (gcc version 4.6.2 20110630 (prerelease) (Freescale MAD -- Linaro 2011.07 -- Built at 2011/08/10 09:20) ) #13 SMP PREEMPT Mon Apr 14 19:00:23 CST 2014
CPU: ARMv7 Processor [412fc09a] revision 10 (ARMv7), cr=10c53c7d
CPU: VIPT nonaliasing data cache, VIPT aliasing instruction cache
Machine: Freescale i.MX 6Quad/DualLite/Solo Q7 Board
Memory policy: ECC disabled, Data cache writealloc
CPU identified as i.MX6Q, silicon rev 1.2
PERCPU: Embedded 7 pages/cpu @8c008000 s5440 r8192 d15040 u32768
Built 1 zonelists in Zone order, mobility grouping on.  Total pages: 205824
Kernel command line: console=ttymxc0,115200 ip=off root=/dev/mmcblk0p1 rootfstype=ext4 rootwait rw video=mxcfb0:dev=ldb,LDB-1024x600,if=RGB24,bpp=32 video=mxcfb1:dev=ldb,LDB-1024x600,if=RGB24,bpp=32 ldb=dul0 fbmem=28M,28M,28M vmalloc=400M
PID hash table entries: 4096 (order: 2, 16384 bytes)
Dentry cache hash table entries: 131072 (order: 7, 524288 bytes)
Inode-cache hash table entries: 65536 (order: 6, 262144 bytes)
Memory: 640MB 172MB = 812MB total
Memory: 810884k/810884k available, 237692k reserved, 0K highmem
Virtual kernel memory layout:
    vector  : 0xffff0000 - 0xffff1000   (   4 kB)
    fixmap  : 0xfff00000 - 0xfffe0000   ( 896 kB)
    DMA     : 0xf4600000 - 0xffe00000   ( 184 MB)
    vmalloc : 0xc0800000 - 0xf2000000   ( 792 MB)
    lowmem  : 0x80000000 - 0xc0000000   (1024 MB)
    pkmap   : 0x7fe00000 - 0x80000000   (   2 MB)
    modules : 0x7f000000 - 0x7fe00000   (  14 MB)
      .init : 0x80008000 - 0x8003e000   ( 216 kB)
      .text : 0x8003e000 - 0x80a8faa0   (10567 kB)
      .data : 0x80a90000 - 0x80af3640   ( 398 kB)
       .bss : 0x80af3664 - 0x80b41b4c   ( 314 kB)
SLUB: Genslabs=13, HWalign=32, Order=0-3, MinObjects=0, CPUs=2, Nodes=1
Preemptible hierarchical RCU implementation.
NR_IRQS:624
MXC GPIO hardware
sched_clock: 32 bits at 3000kHz, resolution 333ns, wraps every 1431655ms
arm_max_freq=1GHz
MXC_Early serial console at MMIO 0x2020000 (options '115200')
bootconsole [ttymxc0] enabled
Console: colour dummy device 80x30
Calibrating delay loop... 1581.05 BogoMIPS (lpj=7905280)
pid_max: default: 32768 minimum: 301
Mount-cache hash table entries: 512
CPU: Testing write buffer coherency: ok
hw perfevents: enabled with ARMv7 Cortex-A9 PMU driver, 7 counters available
CPU1: Booted secondary processor
Brought up 2 CPUs
SMP: Total of 2 processors activated (3162.11 BogoMIPS).
print_constraints: dummy: 
NET: Registered protocol family 16
print_constraints: vddpu: 725 <--> 1300 mV at 700 mV fast normal 
print_constraints: vddcore: 725 <--> 1300 mV at 1150 mV fast normal 
print_constraints: vddsoc: 725 <--> 1300 mV at 1200 mV fast normal 
print_constraints: vdd2p5: 2000 <--> 2775 mV at 2400 mV fast normal 
print_constraints: vdd1p1: 800 <--> 1400 mV at 1100 mV fast normal 
print_constraints: vdd3p0: 2625 <--> 3400 mV at 3000 mV fast normal 
-------------------------------------------
---------------- MX6Q-Q7 Board ------------
-------------------------------------------
hw-breakpoint: found 6 breakpoint and 1 watchpoint registers.
hw-breakpoint: 1 breakpoint(s) reserved for watchpoint single-step.
hw-breakpoint: maximum watchpoint size is 4 bytes.
L310 cache controller enabled
l2x0: 16 ways, CACHE_ID 0x410000c7, AUX_CTRL 0x02070000, Cache size: 1048576 B
bio: create slab <bio-0> at 0
mxs-dma mxs-dma-apbh: initialized
print_constraints: VDDA: 2500 mV 
print_constraints: VDDIO: 3300 mV 
machine_constraints_voltage: VDDD: unsupportable voltage constraints
reg-fixed-voltage reg-fixed-voltage.2: Failed to register regulator: -22
reg-fixed-voltage: probe of reg-fixed-voltage.2 failed with error -22
print_constraints: vmmc: 3300 mV 
SCSI subsystem initialized
spi_imx imx6q-ecspi.0: probed
usbcore: registered new interface driver usbfs
usbcore: registered new interface driver hub
usbcore: registered new device driver usb
Freescale USB OTG Driver loaded, $Revision: 1.55 $
mc_pfuze 1-0008: ID: 0,Full lay: 2 ,Metal lay: 1
mc_pfuze 1-0008: FAB: 0 ,FIN: 0
print_constraints: PFUZE100_SW1A: 300 <--> 1875 mV at 1300 mV 
print_constraints: PFUZE100_SW1B: 300 <--> 1875 mV at 300 mV 
print_constraints: PFUZE100_SW1C: 300 <--> 1875 mV at 1300 mV 
print_constraints: PFUZE100_SW2: 800 <--> 3950 mV at 3300 mV 
print_constraints: PFUZE100_SW3A: 400 <--> 1975 mV at 1500 mV 
print_constraints: PFUZE100_SW3B: 400 <--> 1975 mV at 1500 mV 
print_constraints: PFUZE100_SW4: 800 <--> 3950 mV at 3150 mV 
print_constraints: PFUZE100_SWBST: 5000 <--> 5150 mV at 5000 mV 
print_constraints: PFUZE100_VSNVS: 1200 <--> 3000 mV at 1800 mV 
print_constraints: PFUZE100_VREFDDR: at 750 mV 
print_constraints: PFUZE100_VGEN1: 800 <--> 1550 mV at 1500 mV 
print_constraints: PFUZE100_VGEN2: 800 <--> 1550 mV at 1500 mV 
print_constraints: PFUZE100_VGEN3: 1800 <--> 3300 mV at 2800 mV 
print_constraints: PFUZE100_VGEN4: 1800 <--> 3300 mV at 1800 mV 
print_constraints: PFUZE100_VGEN5: 1800 <--> 3300 mV at 3000 mV 
print_constraints: PFUZE100_VGEN6: 1800 <--> 3300 mV at 3300 mV 
imx-ipuv3 imx-ipuv3.0: IPU DMFC NORMAL mode: 1(0~1), 5B(4,5), 5F(6,7)
imx-ipuv3 imx-ipuv3.1: IPU DMFC NORMAL mode: 1(0~1), 5B(4,5), 5F(6,7)
mxc_mipi_csi2 mxc_mipi_csi2: i.MX MIPI CSI2 driver probed
mxc_mipi_csi2 mxc_mipi_csi2: i.MX MIPI CSI2 dphy version is 0x3130302a
MIPI CSI2 driver module loaded
Advanced Linux Sound Architecture Driver Version 1.0.24.
Bluetooth: Core ver 2.16
NET: Registered protocol family 31
Bluetooth: HCI device and connection manager initialized
Bluetooth: HCI socket layer initialized
Bluetooth: L2CAP socket layer initialized
Bluetooth: SCO socket layer initialized
cfg80211: Calling CRDA to update world regulatory domain
i2c-core: driver [max17135] using legacy suspend method
i2c-core: driver [max17135] using legacy resume method
EFM32 rtc probe start
EFM32 rtc checkall fail chackall is 0xf9, checksum is 0xff
rtc-efm32-i2c 2-000c: rtc core: registered rtc-efm32-i2c as rtc0
EFM32 rtc probe succeed
Switching to clocksource mxc_timer1
NET: Registered protocol family 2
IP route cache hash table entries: 32768 (order: 5, 131072 bytes)
TCP established hash table entries: 131072 (order: 8, 1048576 bytes)
TCP bind hash table entries: 65536 (order: 7, 786432 bytes)
TCP: Hash tables configured (established 131072 bind 65536)
TCP reno registered
UDP hash table entries: 512 (order: 2, 16384 bytes)
UDP-Lite hash table entries: 512 (order: 2, 16384 bytes)
NET: Registered protocol family 1
RPC: Registered named UNIX socket transport module.
RPC: Registered udp transport module.
RPC: Registered tcp transport module.
RPC: Registered tcp NFSv4.1 backchannel transport module.
PMU: registered new PMU device of type 0
Static Power Management for Freescale i.MX6
wait mode is enabled for i.MX6
cpaddr = c0880000 suspend_iram_base=c0918000
PM driver module loaded
IMX usb wakeup probe
add wake up source irq 75
IMX usb wakeup probe
cpu regulator mode:ldo_bypass
_regulator_get: get() with no identifier
mx6_cpu_regulator_init: failed to get pu regulator
i.MXC CPU frequency driver
JFFS2 version 2.2. (NAND) Â© 2001-2006 Red Hat, Inc.
msgmni has been set to 1583
alg: No test for stdrng (krng)
io scheduler noop registered
io scheduler deadline registered
io scheduler cfq registered (default)
MIPI DSI driver module loaded
mxc_sdc_fb mxc_sdc_fb.0: register mxc display driver ldb
_regulator_get: get() with no identifier
imx-ipuv3 imx-ipuv3.1: IPU DMFC DP HIGH RESOLUTION: 1(0,1), 5B(2~5), 5F(6,7)
Console: switching to colour frame buffer device 128x37
mxc_sdc_fb mxc_sdc_fb.1: register mxc display driver ldb
mxc_ldb mxc_ldb: for second ldb displdb mode should in separate mode
mxc_sdc_fb mxc_sdc_fb.1: NO mxc display driver found!
mxc_sdc_fb mxc_sdc_fb.2: register mxc display driver lcd
imx-sdma imx-sdma: loaded firmware 1.1
imx-sdma imx-sdma: initialized
Serial: IMX driver
imx-uart.0: ttymxc0 at MMIO 0x2020000 (irq = 58) is a IMX
console [ttymxc0] enabled, bootconsole disabled
console [ttymxc0] enabled, bootconsole disabled
imx-uart.1: ttymxc1 at MMIO 0x21e8000 (irq = 59) is a IMX
imx-uart.2: ttymxc2 at MMIO 0x21ec000 (irq = 60) is a IMX
imx-uart.3: ttymxc3 at MMIO 0x21f0000 (irq = 61) is a IMX
imx-uart.4: ttymxc4 at MMIO 0x21f4000 (irq = 62) is a IMX
[drm] Initialized drm 1.1.0 20060810
[drm] Initialized vivante 1.0.0 20120216 on minor 0
brd: module loaded
loop: module loaded
Uniform Multi-Platform E-IDE driver
ide-gd driver 1.18
No sata disk.
m25p80 spi0.0: unrecognized JEDEC id ffffff
GPMI NAND driver registered. (IMX)
vcan: Virtual CAN interface driver
CAN device driver interface
flexcan netdevice driver
flexcan imx6q-flexcan.0: device registered (reg_base=c0a50000, irq=142)
FEC Ethernet Driver
fec_enet_mii_bus: probed
ehci_hcd: USB 2.0 'Enhanced' Host Controller (EHCI) Driver
fsl-ehci fsl-ehci.0: Freescale On-Chip EHCI Host Controller
fsl-ehci fsl-ehci.0: new USB bus registered, assigned bus number 1
fsl-ehci fsl-ehci.0: irq 75, io base 0x02184000
fsl-ehci fsl-ehci.0: USB 2.0 started, EHCI 1.00
hub 1-0:1.0: USB hub found
hub 1-0:1.0: 1 port detected
add wake up source irq 72
fsl-ehci fsl-ehci.1: Freescale On-Chip EHCI Host Controller
fsl-ehci fsl-ehci.1: new USB bus registered, assigned bus number 2
fsl-ehci fsl-ehci.1: irq 72, io base 0x02184200
fsl-ehci fsl-ehci.1: USB 2.0 started, EHCI 1.00
hub 2-0:1.0: USB hub found
hub 2-0:1.0: 1 port detected
Initializing USB Mass Storage driver...
usbcore: registered new interface driver usb-storage
USB Mass Storage support registered.
ARC USBOTG Device Controller driver (1 August 2005)
mousedev: PS/2 mouse device common for all mice
input: gpio-keys as /devices/platform/gpio-keys/input/input0
input: max11801_ts as /devices/platform/imx-i2c.1/i2c-1/1-0048/input/input1
i2c-core: driver [isl29023] using legacy suspend method
i2c-core: driver [isl29023] using legacy resume method
i2c /dev entries driver
Linux video capture interface: v2.00
mxc_v4l2_output mxc_v4l2_output.0: V4L2 device registered as video16
mxc_v4l2_output mxc_v4l2_output.0: V4L2 device registered as video17
mxc_v4l2_output mxc_v4l2_output.0: V4L2 device registered as video18
mxc_v4l2_output mxc_v4l2_output.0: V4L2 device registered as video19
i2c-core: driver [mag3110] using legacy suspend method
i2c-core: driver [mag3110] using legacy resume method
input: mma845x as /devices/virtual/input/input2
imx2-wdt imx2-wdt.0: IMX2+ Watchdog Timer enabled. timeout=60s (nowayout=1)
Bluetooth: Virtual HCI driver ver 1.3
Bluetooth: HCI UART driver ver 2.2
Bluetooth: HCIATH3K protocol initialized
Bluetooth: Generic Bluetooth USB driver ver 0.6
usbcore: registered new interface driver btusb
sdhci: Secure Digital Host Controller Interface driver
sdhci: Copyright(c) Pierre Ossman
mmc0: SDHCI controller on platform [sdhci-esdhc-imx.3] using DMA
mmc1: SDHCI controller on platform [sdhci-esdhc-imx.2] using DMA
mmc2: SDHCI controller on platform [sdhci-esdhc-imx.1] using DMA
mxc_vdoa mxc_vdoa: i.MX Video Data Order Adapter(VDOA) driver probed
VPU initialized
mxc_asrc registered
Thermal calibration data is 0x5634b87d
Thermal sensor with ratio = 177
Anatop Thermal registered as thermal_zone0
anatop_thermal_probe: default cooling device is cpufreq!
usbcore: registered new interface driver usbhid
usbhid: USB HID core driver
usbcore: registered new interface driver snd-usb-audio
mxc_hdmi_soc mxc_hdmi_soc.0: MXC HDMI Audio
imx-hdmi-soc-dai imx-hdmi-soc-dai.0: Failed: Load HDMI-video first.
sgtl5000 0-000a: Failed to get supply 'VDDD': -19
usb 2-1: new high speed USB device number 2 using fsl-ehci
print_constraints: 0-000a: 850 <--> 1600 mV at 1200 mV normal 
mmc0: new high speed DDR MMC card at address 0001
mmcblk0: mmc0:0001 MMC04G 3.52 GiB 
sgtl5000 0-000a: sgtl5000 revision 17
mmcblk0boot0: mmc0:0001 MMC04G partition 1 16.0 MiB
mmcblk0boot1: mmc0:0001 MMC04G partition 2 16.0 MiB
 mmcblk0: p1
 mmcblk0boot1: unknown partition table
 mmcblk0boot0: unknown partition table
asoc: sgtl5000 <-> imx-ssi.1 mapping ok
input: sgtl5000-audio Headphone Jack as /devices/platform/soc-audio.1/sound/card0/input3
Initialize HDMI-audio failed. Load HDMI-video first!
ALSA device list:
  #0: sgtl5000-audio
NET: Registered protocol family 26
TCP cubic registered
NET: Registered protocol family 17
can: controller area network core (rev 20090105 abi 8)
hub 2-1:1.0: USB hub found
hub 2-1:1.0: 4 ports detected
NET: Registered protocol family 29
can: raw protocol (rev 20090105)
can: broadcast manager protocol (rev 20090105 t)
Bluetooth: RFCOMM TTY layer initialized
Bluetooth: RFCOMM socket layer initialized
Bluetooth: RFCOMM ver 1.11
Bluetooth: BNEP (Ethernet Emulation) ver 1.3
Bluetooth: BNEP filters: protocol multicast
Bluetooth: HIDP (Human Interface Emulation) ver 1.2
mmc1: new high speed SDHC card at address b368
lib80211: common routines for IEEE802.11 drivers
mmcblk1: mmc1:b368 USD   7.45 GiB 
VFP support v0.3: implementor 41 architecture 3 part 30 variant 9 rev 4
Bus freq driver module loaded
 mmcblk1: p1
Bus freq driver Enabled
mxc_dvfs_core_probe
DVFS driver module loaded
regulator_init_complete: PFUZE100_VGEN6: incomplete constraints, leaving on
regulator_init_complete: PFUZE100_VGEN3: incomplete constraints, leaving on
regulator_init_complete: PFUZE100_VGEN2: incomplete constraints, leaving on
regulator_init_complete: PFUZE100_VGEN1: incomplete constraints, leaving on
rtc-efm32-i2c 2-000c: hctosys: invalid date/time
EXT4-fs (mmcblk0p1): mounted filesystem with ordered data mode. Opts: (null)
VFS: Mounted root (ext4 filesystem) on device 179:1.
Freeing init memory: 216K
mmc2: new high speed SDHC card at address aaaa
mmcblk2: mmc2:aaaa SU04G 3.69 GiB 
 mmcblk2: p1
usb 2-1.3: new high speed USB device number 3 using fsl-ehci
starting pid 1448, tty '': '/etc/rc.d/rcS'
Mounting /proc and /sys 
mknod: `/dev/null': File exists
Starting the hotplug events dispatcher udevd
udevd (1481): /proc/1481/oom_adj is deprecated, please use /proc/1481/oom_score_adj instead.
Synthesizing initial hotplug events
EXT3-fs (mmcblk2p1): error: couldn't mount because of unsupported optional features (240)
udevd-event[1972]: node_symlink: symlink(../../mmcblk0boot1, /dev/disk/by-path/platform-mmc0:0001.udev-tmp) failed: File exists
EXT2-fs (mmcblk2p1): error: couldn't mount because of unsupported optional features (244)
EXT4-fs (mmcblk2p1): recovery complete
EXT4-fs (mmcblk2p1): mounted filesystem with ordered data mode. Opts: (null)
Setting the hostname to imx6-linux
Mounting filesystems
EXT4-fs (mmcblk0p1): re-mounted. Opts: (null)
mount: mounting usbfs on /proc/bus/usb failed: No such file or directory
starting pid 2737, tty '': '/etc/rc.d/rc_gpu.S'
starting pid 2743, tty '': '/etc/rc.d/rc_mxc.S'

arm-none-linux-gnueabi-gcc (Freescale MAD -- Linaro 2011.07 -- Built at 2011/08/10 09:20) 4.6.2 20110630 (prerelease)
root filesystem built on Wed, 06 Nov 2013 15:03:40 +0800
Freescale Semiconductor, Inc.

imx6-linux login: root
login[2745]: root login on 'ttymxc0'
root@imx6-linux ~$ /mnt/mmcblk1p1/MP_Test_Window/MP_Test
Number=[1234567890-4.log] Eth_Mac=[] Q7.0.0001 [version:130517] runin=[NA] wifi=[NA] sdcard=[NA] mem=[NA] rtc=[NA]

Input Test Item : 
01.LED 
03.USB 
04.WIFI 
07.SATA 
08.Ethernet 
10.RS232 
12.SDCARD  
13.GPIO 
20.Audio  
23.3AXIS 
24.TouchPanel 
22.LVDS 
00.AutuRun 
qq.Exit
01

>>> Start Test LED >>>
Please check LED : (y)->Pass ; (n)->Fail
