*****start*****
 1  0 
mmc3(part 0) is current device

MMC read: dev # 3, block # 26624, count 8192 ... 8192 blocks read: OK
## Booting kernel from Legacy Image at 10800000 ...
   Image Name:   Linux-3.0.35-2310-gc27cb38-g2c75
   Image Type:   ARM Linux Kernel Image (uncompressed)
   Data Size:    4055220 Bytes =  3.9 MB
   Load Address: 10008000
   Entry Point:  10008000
   Verifying Checksum ... OK
   Loading Kernel Image ... OK
OK

Starting kernel ...

Linux version 3.0.35-2310-gc27cb38-g2c75f30-dirty (retronix@retronix-VirtualBox) (gcc version 4.6.2 20110630 (prerelease) (Freescale MAD -- Linaro 2011.07 -- Built at 2011/08/10 09:20) ) #2 SMP PREEMPT Wed Jul 24 13:18:21 CST 2013
CPU: ARMv7 Processor [412fc09a] revision 10 (ARMv7), cr=10c53c7d
CPU: VIPT nonaliasing data cache, VIPT aliasing instruction cache
Machine: Freescale i.MX 6Quad/DualLite/Solo Sabre-SD Board
Ignoring unrecognised tag 0x54410008
Memory policy: ECC disabled, Data cache writealloc
CPU identified as i.MX6DL/SOLO, silicon rev 1.1
PERCPU: Embedded 7 pages/cpu @8c008000 s5440 r8192 d15040 u32768
Built 1 zonelists in Zone order, mobility grouping on.  Total pages: 227328
Kernel command line: console=ttymxc3,115200 ip=off fec_mac=00:50:C2:F0:F1:93 root=/dev/mmcblk0p1 rootfstype=ext4 rootwait rw video=mxcfb0:dev=ldb,LDB-SGA,if=RGB666 video=mxcfb1:dev=ldb,LDB-SGA,if=RGB666 ldb=dul0
PID hash table entries: 4096 (order: 2, 16384 bytes)
Dentry cache hash table entries: 131072 (order: 7, 524288 bytes)
Inode-cache hash table entries: 65536 (order: 6, 262144 bytes)
Memory: 640MB 256MB = 896MB total
Memory: 896736k/896736k available, 151840k reserved, 0K highmem
Virtual kernel memory layout:
    vector  : 0xffff0000 - 0xffff1000   (   4 kB)
    fixmap  : 0xfff00000 - 0xfffe0000   ( 896 kB)
    DMA     : 0xf4600000 - 0xffe00000   ( 184 MB)
    vmalloc : 0xc0800000 - 0xf2000000   ( 792 MB)
    lowmem  : 0x80000000 - 0xc0000000   (1024 MB)
    pkmap   : 0x7fe00000 - 0x80000000   (   2 MB)
    modules : 0x7f000000 - 0x7fe00000   (  14 MB)
      .init : 0x80008000 - 0x8003c000   ( 208 kB)
      .text : 0x8003c000 - 0x80abc8ec   (10755 kB)
      .data : 0x80abe000 - 0x80b1c140   ( 377 kB)
       .bss : 0x80b1c164 - 0x80b6a300   ( 313 kB)
SLUB: Genslabs=13, HWalign=32, Order=0-3, MinObjects=0, CPUs=2, Nodes=1
Preemptible hierarchical RCU implementation.
NR_IRQS:624
MXC GPIO hardware
sched_clock: 32 bits at 3000kHz, resolution 333ns, wraps every 1431655ms
Set periph_clk's parent to pll2_pfd_400M!
arm_max_freq=1GHz
MXC_Early serial console at MMIO 0x21f0000 (options '115200')
bootconsole [ttymxc3] enabled
Console: colour dummy device 80x30
Calibrating delay loop... 1581.05 BogoMIPS (lpj=7905280)
pid_max: default: 32768 minimum: 301
Mount-cache hash table entries: 512
CPU: Testing write buffer coherency: ok
hw perfevents: enabled with ARMv7 Cortex-A9 PMU driver, 7 counters available
CPU1: Booted secondary processor
Brought up 2 CPUs
SMP: Total of 2 processors activated (3162.11 BogoMIPS).
print_constraints: dummy: 
NET: Registered protocol family 16
print_constraints: vddpu: 725 <--> 1300 mV at 700 mV fast normal 
print_constraints: vddcore: 725 <--> 1300 mV at 1150 mV fast normal 
print_constraints: vddsoc: 725 <--> 1300 mV at 1200 mV fast normal 
print_constraints: vdd2p5: 2000 <--> 2775 mV at 2400 mV fast normal 
print_constraints: vdd1p1: 800 <--> 1400 mV at 1100 mV fast normal 
print_constraints: vdd3p0: 2625 <--> 3400 mV at 3000 mV fast normal 
hw-breakpoint: found 6 breakpoint and 1 watchpoint registers.
hw-breakpoint: 1 breakpoint(s) reserved for watchpoint single-step.
hw-breakpoint: maximum watchpoint size is 4 bytes.
L310 cache controller enabled
l2x0: 16 ways, CACHE_ID 0x410000c8, AUX_CTRL 0x02050000, Cache size: 524288 B
bio: create slab <bio-0> at 0
mxs-dma mxs-dma-apbh: initialized
print_constraints: VDDA: 2500 mV 
print_constraints: VDDIO: 3300 mV 
machine_constraints_voltage: VDDD: unsupportable voltage constraints
reg-fixed-voltage reg-fixed-voltage.2: Failed to register regulator: -22
reg-fixed-voltage: probe of reg-fixed-voltage.2 failed with error -22
print_constraints: vmmc: 3300 mV 
vgaarb: loaded
SCSI subsystem initialized
usbcore: registered new interface driver usbfs
usbcore: registered new interface driver hub
usbcore: registered new device driver usb
Freescale USB OTG Driver loaded, $Revision: 1.55 $
imx-ipuv3 imx-ipuv3.0: IPU DMFC NORMAL mode: 1(0~1), 5B(4,5), 5F(6,7)
mxc_mipi_csi2 mxc_mipi_csi2: i.MX MIPI CSI2 driver probed
mxc_mipi_csi2 mxc_mipi_csi2: i.MX MIPI CSI2 dphy version is 0x3130302a
MIPI CSI2 driver module loaded
Advanced Linux Sound Architecture Driver Version 1.0.24.
Bluetooth: Core ver 2.16
NET: Registered protocol family 31
Bluetooth: HCI device and connection manager initialized
Bluetooth: HCI socket layer initialized
Bluetooth: L2CAP socket layer initialized
Bluetooth: SCO socket layer initialized
cfg80211: Calling CRDA to update world regulatory domain
i2c-core: driver [max17135] using legacy suspend method
i2c-core: driver [max17135] using legacy resume method
EFM32 rtc probe start
efm32_get_time start
efm32_get_time: 0d 07 18 07 1a 2f 01 7d cd 02
efm32_get_alarm start
efm32_get_alarm: 0d 01 01 00 00 00 01 10
rtc-efm32-i2c 1-000c: rtc core: registered rtc-efm32-i2c as rtc0
EFM32 rtc probe succeed
Switching to clocksource mxc_timer1
NET: Registered protocol family 2
IP route cache hash table entries: 32768 (order: 5, 131072 bytes)
TCP established hash table entries: 131072 (order: 8, 1048576 bytes)
TCP bind hash table entries: 65536 (order: 7, 786432 bytes)
TCP: Hash tables configured (established 131072 bind 65536)
TCP reno registered
UDP hash table entries: 512 (order: 2, 16384 bytes)
UDP-Lite hash table entries: 512 (order: 2, 16384 bytes)
NET: Registered protocol family 1
RPC: Registered named UNIX socket transport module.
RPC: Registered udp transport module.
RPC: Registered tcp transport module.
RPC: Registered tcp NFSv4.1 backchannel transport module.
PMU: registered new PMU device of type 0
Static Power Management for Freescale i.MX6
wait mode is enabled for i.MX6
cpaddr = c0820000 suspend_iram_base=c08b8000
PM driver module loaded
IMX PCIe port: link up.
PCI: bus0: Fast back to back transfers disabled
PCI: bus1: Fast back to back transfers disabled
pci 0000:00:00.0: BAR 0: assigned [mem 0x01100000-0x011fffff 64bit pref]
pci 0000:00:00.0: BAR 0: set to [mem 0x01100000-0x011fffff 64bit pref] (PCI address [0x1100000-0x11fffff])
pci 0000:00:00.0: BAR 8: assigned [mem 0x01200000-0x012fffff]
pci 0000:00:00.0: BAR 6: assigned [mem 0x01300000-0x0130ffff pref]
pci 0000:01:00.0: BAR 0: assigned [mem 0x01200000-0x01201fff 64bit]
pci 0000:01:00.0: BAR 0: set to [mem 0x01200000-0x01201fff 64bit] (PCI address [0x1200000-0x1201fff])
pci 0000:00:00.0: PCI bridge to [bus 01-01]
pci 0000:00:00.0:   bridge window [io  disabled]
pci 0000:00:00.0:   bridge window [mem 0x01200000-0x012fffff]
pci 0000:00:00.0:   bridge window [mem pref disabled]
IMX usb wakeup probe
add wake up source irq 75
IMX usb wakeup probe
cpu regulator mode:ldo_enable
i.MXC CPU frequency driver
JFFS2 version 2.2. (NAND) Â© 2001-2006 Red Hat, Inc.
msgmni has been set to 1751
alg: No test for stdrng (krng)
io scheduler noop registered
io scheduler deadline registered
io scheduler cfq registered (default)
mxc_mipi_dsi mxc_mipi_dsi: i.MX MIPI DSI driver probed
MIPI DSI driver module loaded
mxc_sdc_fb mxc_sdc_fb.0: register mxc display driver ldb
_regulator_get: get() with no identifier
Console: switching to colour frame buffer device 100x37
mxc_sdc_fb mxc_sdc_fb.1: register mxc display driver ldb
mxc_ldb mxc_ldb: for second ldb displdb mode should in separate mode
mxc_sdc_fb mxc_sdc_fb.1: NO mxc display driver found!
imx-sdma imx-sdma: loaded firmware 1.1
imx-sdma imx-sdma: initialized
Serial: IMX driver
imx-uart.0: ttymxc0 at MMIO 0x2020000 (irq = 58) is a IMX
imx-uart.1: ttymxc1 at MMIO 0x21e8000 (irq = 59) is a IMX
imx-uart.2: ttymxc2 at MMIO 0x21ec000 (irq = 60) is a IMX
imx-uart.3: ttymxc3 at MMIO 0x21f0000 (irq = 61) is a IMX
console [ttymxc3] enabled, bootconsole disabled
console [ttymxc3] enabled, bootconsole disabled
imx-uart.4: ttymxc4 at MMIO 0x21f4000 (irq = 62) is a IMX
loop: module loaded
GPMI NAND driver registered. (IMX)
vcan: Virtual CAN interface driver
CAN device driver interface
flexcan netdevice driver
FEC Ethernet Driver
fec_enet_mii_bus: probed
usbcore: registered new interface driver asix
usbcore: registered new interface driver cdc_ether
usbcore: registered new interface driver smsc95xx
usbcore: registered new interface driver net1080
usbcore: registered new interface driver cdc_subset
usbcore: registered new interface driver zaurus
cdc_ncm: 04-Aug-2011
usbcore: registered new interface driver cdc_ncm
iwlagn: Intel(R) Wireless WiFi Link AGN driver for Linux, in-tree:
iwlagn: Copyright(c) 2003-2011 Intel Corporation
PCI: enabling device 0000:01:00.0 (0140 -> 0142)
iwlagn 0000:01:00.0: Detected Intel(R) Centrino(R) Advanced-N 6205 AGN, REV=0xB0
iwlagn 0000:01:00.0: device EEPROM VER=0x715, CALIB=0x6
iwlagn 0000:01:00.0: Device SKU: 0Xb
iwlagn 0000:01:00.0: Valid Tx ant: 0X3, Valid Rx ant: 0X3
iwlagn 0000:01:00.0: Tunable channels: 13 802.11bg, 24 802.11a channels
ehci_hcd: USB 2.0 'Enhanced' Host Controller (EHCI) Driver
fsl-ehci fsl-ehci.0: Freescale On-Chip EHCI Host Controller
fsl-ehci fsl-ehci.0: new USB bus registered, assigned bus number 1
fsl-ehci fsl-ehci.0: irq 75, io base 0x02184000
fsl-ehci fsl-ehci.0: USB 2.0 started, EHCI 1.00
hub 1-0:1.0: USB hub found
hub 1-0:1.0: 1 port detected
add wake up source irq 72
fsl-ehci fsl-ehci.1: Freescale On-Chip EHCI Host Controller
fsl-ehci fsl-ehci.1: new USB bus registered, assigned bus number 2
fsl-ehci fsl-ehci.1: irq 72, io base 0x02184200
fsl-ehci fsl-ehci.1: USB 2.0 started, EHCI 1.00
hub 2-0:1.0: USB hub found
hub 2-0:1.0: 1 port detected
Initializing USB Mass Storage driver...
usbcore: registered new interface driver usb-storage
USB Mass Storage support registered.
ARC USBOTG Device Controller driver (1 August 2005)
mousedev: PS/2 mouse device common for all mice
input: gpio-keys as /devices/platform/gpio-keys/input/input0
input: max11801_ts as /devices/platform/imx-i2c.1/i2c-1/1-0048/input/input1
i2c-core: driver [isl29023] using legacy suspend method
i2c-core: driver [isl29023] using legacy resume method
i2c /dev entries driver
Linux video capture interface: v2.00
mxc_v4l2_output mxc_v4l2_output.0: V4L2 device registered as video16
mxc_v4l2_output mxc_v4l2_output.0: V4L2 device registered as video17
i2c-core: driver [mag3110] using legacy suspend method
i2c-core: driver [mag3110] using legacy resume method
input: mma845x as /devices/virtual/input/input2
imx2-wdt imx2-wdt.0: IMX2+ Watchdog Timer enabled. timeout=60s (nowayout=1)
Bluetooth: Virtual HCI driver ver 1.3
Bluetooth: HCI UART driver ver 2.2
Bluetooth: HCIATH3K protocol initialized
Bluetooth: Generic Bluetooth USB driver ver 0.6
usbcore: registered new interface driver btusb
sdhci: Secure Digital Host Controller Interface driver
sdhci: Copyright(c) Pierre Ossman
mmc0: SDHCI controller on platform [sdhci-esdhc-imx.3] using ADMA
mmc1: SDHCI controller on platform [sdhci-esdhc-imx.2] using ADMA
mxc_vdoa mxc_vdoa: i.MX Video Data Order Adapter(VDOA) driver probed
VPU initialized
mxc_asrc registered
Thermal calibration data is 0x58750969
Thermal sensor with ratio = 183
Anatop Thermal registered as thermal_zone0
anatop_thermal_probe: default cooling device is cpufreq!
usbcore: registered new interface driver usbhid
usbhid: USB HID core driver
imx-hdmi-soc-dai imx-hdmi-soc-dai.0: Failed: Load HDMI-video first.
sgtl5000 0-000a: Failed to get supply 'VDDD': -19
usb 2-1: new high speed USB device number 2 using fsl-ehci
print_constraints: 0-000a: 850 <--> 1600 mV at 1200 mV normal 
sgtl5000 0-000a: sgtl5000 revision 17
mmc0: new high speed DDR MMC card at address 0001
mmcblk0: mmc0:0001 SEM04G 3.68 GiB 
mmcblk0boot0: mmc0:0001 SEM04G partition 1 1.00 MiB
mmcblk0boot1: mmc0:0001 SEM04G partition 2 1.00 MiB
 mmcblk0: p1
 mmcblk0boot1: unknown partition table
 mmcblk0boot0: unknown partition table
asoc: sgtl5000 <-> imx-ssi.1 mapping ok
input: sgtl5000-audio Headphone Jack as /devices/platform/soc-audio.1/sound/card0/input3
ALSA device list:
  #0: sgtl5000-audio
NET: Registered protocol family 26
TCP cubic registered
NET: Registered protocol family 17
can: controller area network core (rev 20090105 abi 8)
NET: Registered protocol family 29
hub 2-1:1.0: USB hub found
hub 2-1:1.0: 5 ports detected
can: raw protocol (rev 20090105)
can: broadcast manager protocol (rev 20090105 t)
Bluetooth: RFCOMM TTY layer initialized
Bluetooth: RFCOMM socket layer initialized
Bluetooth: RFCOMM ver 1.11
Bluetooth: BNEP (Ethernet Emulation) ver 1.3
Bluetooth: BNEP filters: protocol multicast
Bluetooth: HIDP (Human Interface Emulation) ver 1.2
lib80211: common routines for IEEE802.11 drivers
VFP support v0.3: implementor 41 architecture 3 part 30 variant 9 rev 4
Bus freq driver module loaded
Bus freq driver Enabled
mxc_dvfs_core_probe
DVFS driver module loaded
efm32_get_time start
efm32_get_time: 0d 07 18 07 1a 30 01 7e cd 02
rtc-efm32-i2c 1-000c: setting system clock to 2013-07-24 07:26:48 UTC (1374650808)
EXT4-fs (mmcblk0p1): warning: maximal mount count reached, running e2fsck is recommended
EXT4-fs (mmcblk0p1): recovery complete
EXT4-fs (mmcblk0p1): mounted filesystem with ordered data mode. Opts: (null)
VFS: Mounted root (ext4 filesystem) on device 179:1.
Freeing init memory: 208K
mmc1: new high speed SDHC card at address 1234
mmcblk1: mmc1:1234 SA04G 3.63 GiB 
 mmcblk1: p1
usb 2-1.1: new high speed USB device number 3 using fsl-ehci
smsc95xx v1.0.4
starting pid 1386, tty '': '/etc/rc.d/rcS'
Mounting /proc and /sys 
smsc95xx 2-1.1:1.0: eth1: register 'smsc95xx' at usb-fsl-ehci.1-1.1, smsc95xx USB 2.0 Ethernet, 00:50:c2:f0:f1:93
usb 2-1.2: new high speed USB device number 4 using fsl-ehci
Starting the hotplug events dispatcher udevd
Synthesizing initial hotplug events
udevd (1457): /proc/1457/oom_adj is deprecated, please use /proc/1457/oom_score_adj instead.
scsi0 : usb-storage 2-1.2:1.0
usb 2-1.4: new high speed USB device number 5 using fsl-ehci
scsi1 : usb-storage 2-1.4:1.0
iwlagn 0000:01:00.0: loaded firmware version 17.168.5.1 build 33993
scsi 0:0:0:0: Direct-Access     Ut163    USB2FlashStorage 0.00 PQ: 0 ANSI: 2
sd 0:0:0:0: [sda] 1974271 512-byte logical blocks: (1.01 GB/963 MiB)
sd 0:0:0:0: [sda] Write Protect is off
sd 0:0:0:0: [sda] Asking for cache data failed
sd 0:0:0:0: [sda] Assuming drive cache: write through
sd 0:0:0:0: [sda] Asking for cache data failed
sd 0:0:0:0: [sda] Assuming drive cache: write through
 sda: sda1
sd 0:0:0:0: [sda] Asking for cache data failed
sd 0:0:0:0: [sda] Assuming drive cache: write through
sd 0:0:0:0: [sda] Attached SCSI removable disk
EXT4-fs (mmcblk1p1): recovery complete
EXT4-fs (mmcblk1p1): mounted filesystem with ordered data mode. Opts: (null)
scsi 1:0:0:0: Direct-Access     Multiple Card  Reader     1.00 PQ: 0 ANSI: 0
sd 1:0:0:0: [sdb] 15695872 512-byte logical blocks: (8.03 GB/7.48 GiB)
sd 1:0:0:0: [sdb] Write Protect is off
sd 1:0:0:0: [sdb] No Caching mode page present
sd 1:0:0:0: [sdb] Assuming drive cache: write through
sd 1:0:0:0: [sdb] No Caching mode page present
sd 1:0:0:0: [sdb] Assuming drive cache: write through
 sdb: sdb1
sd 1:0:0:0: [sdb] No Caching mode page present
sd 1:0:0:0: [sdb] Assuming drive cache: write through
sd 1:0:0:0: [sdb] Attached SCSI removable disk
EXT4-fs (sda1): recovery complete
EXT4-fs (sda1): mounted filesystem with ordered data mode. Opts: (null)
Setting the hostname to Wrapping_Machine
Mounting filesystems
EXT4-fs (mmcblk0p1): re-mounted. Opts: (null)
mount: sysfs already mounted or /sys busy
mount: according to mtab, /sys is already mounted on /sys
mount: mount point /proc/bus/usb does not exist
starting pid 2708, tty '': '/etc/rc.d/rc_gpu.S'
starting pid 2716, tty '': '/etc/rc.d/rc_mxc.S'

arm-none-linux-gnueabi-gcc (Freescale MAD -- Linaro 2011.07 -- Built at 2011/08/10 09:20) 4.6.2 20110630 (prerelease)
root filesystem built on Fri, 29 Mar 2013 19:09:36 +0800
Freescale Semiconductor, Inc.

Wrapping_Machine login: root
login[2721]: root login on 'ttymxc3'
root@Wrapping_Machine ~$ /nt/mmcblk1p1/home/user/MP_TEST/MP_Test
-sh: /nt/mmcblk1p1/home/user/MP_TEST/MP_Test: No such file or directory
root@Wrapping_Machine ~$ 